This is pdfTeX, Version 3.141592653-2.6-1.40.26 (TeX Live 2024) (preloaded format=pdflatex 2024.12.17)  16 SEP 2026 19:01
entering extended mode
 restricted \write18 enabled.
 %&-line parsing enabled.
**main.tex
(./main.tex
LaTeX2e <2023-11-01> patch level 1
L3 programming layer <2024-02-20>
(d:/programs/texlive/2024/texmf-dist/tex/latex/ieeetran/IEEEtran.cls
Document Class: IEEEtran 2015/08/26 V1.8b by Michael Shell
-- See the "IEEEtran_HOWTO" manual for usage information.
-- http://www.michaelshell.org/tex/ieeetran/
\@IEEEtrantmpdimenA=\dimen140
\@IEEEtrantmpdimenB=\dimen141
\@IEEEtrantmpdimenC=\dimen142
\@IEEEtrantmpcountA=\count188
\@IEEEtrantmpcountB=\count189
\@IEEEtrantmpcountC=\count190
\@IEEEtrantmptoksA=\toks17
LaTeX Font Info:    Trying to load font information for OT1+ptm on input line 5
03.
(d:/programs/texlive/2024/texmf-dist/tex/latex/psnfss/ot1ptm.fd
File: ot1ptm.fd 2001/06/04 font definitions for OT1/ptm.
)
-- Using 8.5in x 11in (letter) paper.
-- Using PDF output.
\@IEEEnormalsizeunitybaselineskip=\dimen143
-- This is a 10 point document.
\CLASSINFOnormalsizebaselineskip=\dimen144
\CLASSINFOnormalsizeunitybaselineskip=\dimen145
\IEEEnormaljot=\dimen146
LaTeX Font Info:    Font shape `OT1/ptm/bx/n' in size <5> not available
(Font)              Font shape `OT1/ptm/b/n' tried instead on input line 1090.
LaTeX Font Info:    Font shape `OT1/ptm/bx/it' in size <5> not available
(Font)              Font shape `OT1/ptm/b/it' tried instead on input line 1090.

LaTeX Font Info:    Font shape `OT1/ptm/bx/n' in size <7> not available
(Font)              Font shape `OT1/ptm/b/n' tried instead on input line 1090.
LaTeX Font Info:    Font shape `OT1/ptm/bx/it' in size <7> not available
(Font)              Font shape `OT1/ptm/b/it' tried instead on input line 1090.

LaTeX Font Info:    Font shape `OT1/ptm/bx/n' in size <8> not available
(Font)              Font shape `OT1/ptm/b/n' tried instead on input line 1090.
LaTeX Font Info:    Font shape `OT1/ptm/bx/it' in size <8> not available
(Font)              Font shape `OT1/ptm/b/it' tried instead on input line 1090.

LaTeX Font Info:    Font shape `OT1/ptm/bx/n' in size <9> not available
(Font)              Font shape `OT1/ptm/b/n' tried instead on input line 1090.
LaTeX Font Info:    Font shape `OT1/ptm/bx/it' in size <9> not available
(Font)              Font shape `OT1/ptm/b/it' tried instead on input line 1090.

LaTeX Font Info:    Font shape `OT1/ptm/bx/n' in size <10> not available
(Font)              Font shape `OT1/ptm/b/n' tried instead on input line 1090.
LaTeX Font Info:    Font shape `OT1/ptm/bx/it' in size <10> not available
(Font)              Font shape `OT1/ptm/b/it' tried instead on input line 1090.

LaTeX Font Info:    Font shape `OT1/ptm/bx/n' in size <11> not available
(Font)              Font shape `OT1/ptm/b/n' tried instead on input line 1090.
LaTeX Font Info:    Font shape `OT1/ptm/bx/it' in size <11> not available
(Font)              Font shape `OT1/ptm/b/it' tried instead on input line 1090.

LaTeX Font Info:    Font shape `OT1/ptm/bx/n' in size <12> not available
(Font)              Font shape `OT1/ptm/b/n' tried instead on input line 1090.
LaTeX Font Info:    Font shape `OT1/ptm/bx/it' in size <12> not available
(Font)              Font shape `OT1/ptm/b/it' tried instead on input line 1090.

LaTeX Font Info:    Font shape `OT1/ptm/bx/n' in size <17> not available
(Font)              Font shape `OT1/ptm/b/n' tried instead on input line 1090.
LaTeX Font Info:    Font shape `OT1/ptm/bx/it' in size <17> not available
(Font)              Font shape `OT1/ptm/b/it' tried instead on input line 1090.

LaTeX Font Info:    Font shape `OT1/ptm/bx/n' in size <20> not available
(Font)              Font shape `OT1/ptm/b/n' tried instead on input line 1090.
LaTeX Font Info:    Font shape `OT1/ptm/bx/it' in size <20> not available
(Font)              Font shape `OT1/ptm/b/it' tried instead on input line 1090.

LaTeX Font Info:    Font shape `OT1/ptm/bx/n' in size <24> not available
(Font)              Font shape `OT1/ptm/b/n' tried instead on input line 1090.
LaTeX Font Info:    Font shape `OT1/ptm/bx/it' in size <24> not available
(Font)              Font shape `OT1/ptm/b/it' tried instead on input line 1090.

\IEEEquantizedlength=\dimen147
\IEEEquantizedlengthdiff=\dimen148
\IEEEquantizedtextheightdiff=\dimen149
\IEEEilabelindentA=\dimen150
\IEEEilabelindentB=\dimen151
\IEEEilabelindent=\dimen152
\IEEEelabelindent=\dimen153
\IEEEdlabelindent=\dimen154
\IEEElabelindent=\dimen155
\IEEEiednormlabelsep=\dimen156
\IEEEiedmathlabelsep=\dimen157
\IEEEiedtopsep=\skip48
\c@section=\count191
\c@subsection=\count192
\c@subsubsection=\count193
\c@paragraph=\count194
\c@IEEEsubequation=\count195
\abovecaptionskip=\skip49
\belowcaptionskip=\skip50
\c@figure=\count196
\c@table=\count197
\@IEEEeqnnumcols=\count198
\@IEEEeqncolcnt=\count199
\@IEEEsubeqnnumrollback=\count266
\@IEEEquantizeheightA=\dimen158
\@IEEEquantizeheightB=\dimen159
\@IEEEquantizeheightC=\dimen160
\@IEEEquantizeprevdepth=\dimen161
\@IEEEquantizemultiple=\count267
\@IEEEquantizeboxA=\box51
\@IEEEtmpitemindent=\dimen162
\IEEEPARstartletwidth=\dimen163
\c@IEEEbiography=\count268
\@IEEEtranrubishbin=\box52
) (d:/programs/texlive/2024/texmf-dist/tex/latex/base/fontenc.sty
Package: fontenc 2021/04/29 v2.0v Standard LaTeX package
LaTeX Font Info:    Trying to load font information for T1+ptm on input line 11
2.

(d:/programs/texlive/2024/texmf-dist/tex/latex/psnfss/t1ptm.fd
File: t1ptm.fd 2001/06/04 font definitions for T1/ptm.
))
(d:/programs/texlive/2024/texmf-dist/tex/latex/graphics/graphicx.sty
Package: graphicx 2021/09/16 v1.2d Enhanced LaTeX Graphics (DPC,SPQR)

(d:/programs/texlive/2024/texmf-dist/tex/latex/graphics/keyval.sty
Package: keyval 2022/05/29 v1.15 key=value parser (DPC)
\KV@toks@=\toks18
)
(d:/programs/texlive/2024/texmf-dist/tex/latex/graphics/graphics.sty
Package: graphics 2022/03/10 v1.4e Standard LaTeX Graphics (DPC,SPQR)

(d:/programs/texlive/2024/texmf-dist/tex/latex/graphics/trig.sty
Package: trig 2021/08/11 v1.11 sin cos tan (DPC)
)
(d:/programs/texlive/2024/texmf-dist/tex/latex/graphics-cfg/graphics.cfg
File: graphics.cfg 2016/06/04 v1.11 sample graphics configuration
)
Package graphics Info: Driver file: pdftex.def on input line 107.

(d:/programs/texlive/2024/texmf-dist/tex/latex/graphics-def/pdftex.def
File: pdftex.def 2022/09/22 v1.2b Graphics/color driver for pdftex
))
\Gin@req@height=\dimen164
\Gin@req@width=\dimen165
)
(d:/programs/texlive/2024/texmf-dist/tex/latex/amsmath/amsmath.sty
Package: amsmath 2023/05/13 v2.17o AMS math features
\@mathmargin=\skip51

For additional information on amsmath, use the `?' option.
(d:/programs/texlive/2024/texmf-dist/tex/latex/amsmath/amstext.sty
Package: amstext 2021/08/26 v2.01 AMS text

(d:/programs/texlive/2024/texmf-dist/tex/latex/amsmath/amsgen.sty
File: amsgen.sty 1999/11/30 v2.0 generic functions
\@emptytoks=\toks19
\ex@=\dimen166
))
(d:/programs/texlive/2024/texmf-dist/tex/latex/amsmath/amsbsy.sty
Package: amsbsy 1999/11/29 v1.2d Bold Symbols
\pmbraise@=\dimen167
)
(d:/programs/texlive/2024/texmf-dist/tex/latex/amsmath/amsopn.sty
Package: amsopn 2022/04/08 v2.04 operator names
)
\inf@bad=\count269
LaTeX Info: Redefining \frac on input line 234.
\uproot@=\count270
\leftroot@=\count271
LaTeX Info: Redefining \overline on input line 399.
LaTeX Info: Redefining \colon on input line 410.
\classnum@=\count272
\DOTSCASE@=\count273
LaTeX Info: Redefining \ldots on input line 496.
LaTeX Info: Redefining \dots on input line 499.
LaTeX Info: Redefining \cdots on input line 620.
\Mathstrutbox@=\box53
\strutbox@=\box54
LaTeX Info: Redefining \big on input line 722.
LaTeX Info: Redefining \Big on input line 723.
LaTeX Info: Redefining \bigg on input line 724.
LaTeX Info: Redefining \Bigg on input line 725.
\big@size=\dimen168
LaTeX Font Info:    Redeclaring font encoding OML on input line 743.
LaTeX Font Info:    Redeclaring font encoding OMS on input line 744.
\macc@depth=\count274
LaTeX Info: Redefining \bmod on input line 905.
LaTeX Info: Redefining \pmod on input line 910.
LaTeX Info: Redefining \smash on input line 940.
LaTeX Info: Redefining \relbar on input line 970.
LaTeX Info: Redefining \Relbar on input line 971.
\c@MaxMatrixCols=\count275
\dotsspace@=\muskip16
\c@parentequation=\count276
\dspbrk@lvl=\count277
\tag@help=\toks20
\row@=\count278
\column@=\count279
\maxfields@=\count280
\andhelp@=\toks21
\eqnshift@=\dimen169
\alignsep@=\dimen170
\tagshift@=\dimen171
\tagwidth@=\dimen172
\totwidth@=\dimen173
\lineht@=\dimen174
\@envbody=\toks22
\multlinegap=\skip52
\multlinetaggap=\skip53
\mathdisplay@stack=\toks23
LaTeX Info: Redefining \[ on input line 2953.
LaTeX Info: Redefining \] on input line 2954.
)
(d:/programs/texlive/2024/texmf-dist/tex/latex/amsfonts/amssymb.sty
Package: amssymb 2013/01/14 v3.01 AMS font symbols

(d:/programs/texlive/2024/texmf-dist/tex/latex/amsfonts/amsfonts.sty
Package: amsfonts 2013/01/14 v3.01 Basic AMSFonts support
\symAMSa=\mathgroup4
\symAMSb=\mathgroup5
LaTeX Font Info:    Redeclaring math symbol \hbar on input line 98.
LaTeX Font Info:    Overwriting math alphabet `\mathfrak' in version `bold'
(Font)                  U/euf/m/n --> U/euf/b/n on input line 106.
))
(d:/programs/texlive/2024/texmf-dist/tex/latex/booktabs/booktabs.sty
Package: booktabs 2020/01/12 v1.61803398 Publication quality tables
\heavyrulewidth=\dimen175
\lightrulewidth=\dimen176
\cmidrulewidth=\dimen177
\belowrulesep=\dimen178
\belowbottomsep=\dimen179
\aboverulesep=\dimen180
\abovetopsep=\dimen181
\cmidrulesep=\dimen182
\cmidrulekern=\dimen183
\defaultaddspace=\dimen184
\@cmidla=\count281
\@cmidlb=\count282
\@aboverulesep=\dimen185
\@belowrulesep=\dimen186
\@thisruleclass=\count283
\@lastruleclass=\count284
\@thisrulewidth=\dimen187
)
(d:/programs/texlive/2024/texmf-dist/tex/latex/tools/array.sty
Package: array 2023/10/16 v2.5g Tabular extension package (FMi)
\col@sep=\dimen188
\ar@mcellbox=\box55
\extrarowheight=\dimen189
\NC@list=\toks24
\extratabsurround=\skip54
\backup@length=\skip55
\ar@cellbox=\box56
)
(d:/programs/texlive/2024/texmf-dist/tex/latex/tools/tabularx.sty
Package: tabularx 2023/07/08 v2.11c `tabularx' package (DPC)
\TX@col@width=\dimen190
\TX@old@table=\dimen191
\TX@old@col=\dimen192
\TX@target=\dimen193
\TX@delta=\dimen194
\TX@cols=\count285
\TX@ftn=\toks25
)
(d:/programs/texlive/2024/texmf-dist/tex/latex/multirow/multirow.sty
Package: multirow 2021/03/15 v2.8 Span multiple rows of a table
\multirow@colwidth=\skip56
\multirow@cntb=\count286
\multirow@dima=\skip57
\bigstrutjot=\dimen195
)
(d:/programs/texlive/2024/texmf-dist/tex/latex/xcolor/xcolor.sty
Package: xcolor 2023/11/15 v3.01 LaTeX color extensions (UK)

(d:/programs/texlive/2024/texmf-dist/tex/latex/graphics-cfg/color.cfg
File: color.cfg 2016/01/02 v1.6 sample color configuration
)
Package xcolor Info: Driver file: pdftex.def on input line 274.

(d:/programs/texlive/2024/texmf-dist/tex/latex/graphics/mathcolor.ltx)
Package xcolor Info: Model `cmy' substituted by `cmy0' on input line 1350.
Package xcolor Info: Model `hsb' substituted by `rgb' on input line 1354.
Package xcolor Info: Model `RGB' extended on input line 1366.
Package xcolor Info: Model `HTML' substituted by `rgb' on input line 1368.
Package xcolor Info: Model `Hsb' substituted by `hsb' on input line 1369.
Package xcolor Info: Model `tHsb' substituted by `hsb' on input line 1370.
Package xcolor Info: Model `HSB' substituted by `hsb' on input line 1371.
Package xcolor Info: Model `Gray' substituted by `gray' on input line 1372.
Package xcolor Info: Model `wave' substituted by `hsb' on input line 1373.
)
(d:/programs/texlive/2024/texmf-dist/tex/latex/tools/xspace.sty
Package: xspace 2014/10/28 v1.13 Space after command names (DPC,MH)
)
(d:/programs/texlive/2024/texmf-dist/tex/latex/url/url.sty
\Urlmuskip=\muskip17
Package: url 2013/09/16  ver 3.4  Verb mode for urls, etc.
)
(d:/programs/texlive/2024/texmf-dist/tex/latex/microtype/microtype.sty
Package: microtype 2023/03/13 v3.1a Micro-typographical refinements (RS)

(d:/programs/texlive/2024/texmf-dist/tex/latex/etoolbox/etoolbox.sty
Package: etoolbox 2020/10/05 v2.5k e-TeX tools for LaTeX (JAW)
\etb@tempcnta=\count287
)
\MT@toks=\toks26
\MT@tempbox=\box57
\MT@count=\count288
LaTeX Info: Redefining \noprotrusionifhmode on input line 1059.
LaTeX Info: Redefining \leftprotrusion on input line 1060.
\MT@prot@toks=\toks27
LaTeX Info: Redefining \rightprotrusion on input line 1078.
LaTeX Info: Redefining \textls on input line 1368.
\MT@outer@kern=\dimen196
LaTeX Info: Redefining \textmicrotypecontext on input line 1988.
\MT@listname@count=\count289

(d:/programs/texlive/2024/texmf-dist/tex/latex/microtype/microtype-pdftex.def
File: microtype-pdftex.def 2023/03/13 v3.1a Definitions specific to pdftex (RS)

LaTeX Info: Redefining \lsstyle on input line 902.
LaTeX Info: Redefining \lslig on input line 902.
\MT@outer@space=\skip58
)
Package microtype Info: Loading configuration file microtype.cfg.

(d:/programs/texlive/2024/texmf-dist/tex/latex/microtype/microtype.cfg
File: microtype.cfg 2023/03/13 v3.1a microtype main configuration file (RS)
))
(d:/programs/texlive/2024/texmf-dist/tex/latex/cite/cite.sty
LaTeX Info: Redefining \cite on input line 302.
LaTeX Info: Redefining \nocite on input line 332.
Package: cite 2015/02/27  v 5.5
)
(d:/programs/texlive/2024/texmf-dist/tex/latex/algorithms/algorithm.sty
Package: algorithm 2009/08/24 v0.1 Document Style `algorithm' - floating enviro
nment

(d:/programs/texlive/2024/texmf-dist/tex/latex/float/float.sty
Package: float 2001/11/08 v1.3d Float enhancements (AL)
\c@float@type=\count290
\float@exts=\toks28
\float@box=\box58
\@float@everytoks=\toks29
\@floatcapt=\box59
)
(d:/programs/texlive/2024/texmf-dist/tex/latex/base/ifthen.sty
Package: ifthen 2022/04/13 v1.1d Standard LaTeX ifthen package (DPC)
)
\@float@every@algorithm=\toks30
\c@algorithm=\count291
)
(d:/programs/texlive/2024/texmf-dist/tex/latex/algorithmicx/algpseudocode.sty
Package: algpseudocode 

(d:/programs/texlive/2024/texmf-dist/tex/latex/algorithmicx/algorithmicx.sty
Package: algorithmicx 2005/04/27 v1.2 Algorithmicx

Document Style algorithmicx 1.2 - a greatly improved `algorithmic' style
\c@ALG@line=\count292
\c@ALG@rem=\count293
\c@ALG@nested=\count294
\ALG@tlm=\skip59
\ALG@thistlm=\skip60
\c@ALG@Lnr=\count295
\c@ALG@blocknr=\count296
\c@ALG@storecount=\count297
\c@ALG@tmpcounter=\count298
\ALG@tmplength=\skip61
)
Document Style - pseudocode environments for use with the `algorithmicx' style
) (d:/programs/texlive/2024/texmf-dist/tex/latex/pgf/frontendlayer/tikz.sty
(d:/programs/texlive/2024/texmf-dist/tex/latex/pgf/basiclayer/pgf.sty
(d:/programs/texlive/2024/texmf-dist/tex/latex/pgf/utilities/pgfrcs.sty
(d:/programs/texlive/2024/texmf-dist/tex/generic/pgf/utilities/pgfutil-common.t
ex
\pgfutil@everybye=\toks31
\pgfutil@tempdima=\dimen197
\pgfutil@tempdimb=\dimen198
)
(d:/programs/texlive/2024/texmf-dist/tex/generic/pgf/utilities/pgfutil-latex.de
f
\pgfutil@abb=\box60
)
(d:/programs/texlive/2024/texmf-dist/tex/generic/pgf/utilities/pgfrcs.code.tex
(d:/programs/texlive/2024/texmf-dist/tex/generic/pgf/pgf.revision.tex)
Package: pgfrcs 2023-01-15 v3.1.10 (3.1.10)
))
Package: pgf 2023-01-15 v3.1.10 (3.1.10)

(d:/programs/texlive/2024/texmf-dist/tex/latex/pgf/basiclayer/pgfcore.sty
(d:/programs/texlive/2024/texmf-dist/tex/latex/pgf/systemlayer/pgfsys.sty
(d:/programs/texlive/2024/texmf-dist/tex/generic/pgf/systemlayer/pgfsys.code.te
x
Package: pgfsys 2023-01-15 v3.1.10 (3.1.10)

(d:/programs/texlive/2024/texmf-dist/tex/generic/pgf/utilities/pgfkeys.code.tex
\pgfkeys@pathtoks=\toks32
\pgfkeys@temptoks=\toks33

(d:/programs/texlive/2024/texmf-dist/tex/generic/pgf/utilities/pgfkeyslibraryfi
ltered.code.tex
\pgfkeys@tmptoks=\toks34
))
\pgf@x=\dimen199
\pgf@y=\dimen256
\pgf@xa=\dimen257
\pgf@ya=\dimen258
\pgf@xb=\dimen259
\pgf@yb=\dimen260
\pgf@xc=\dimen261
\pgf@yc=\dimen262
\pgf@xd=\dimen263
\pgf@yd=\dimen264
\w@pgf@writea=\write3
\r@pgf@reada=\read2
\c@pgf@counta=\count299
\c@pgf@countb=\count300
\c@pgf@countc=\count301
\c@pgf@countd=\count302
\t@pgf@toka=\toks35
\t@pgf@tokb=\toks36
\t@pgf@tokc=\toks37
\pgf@sys@id@count=\count303

(d:/programs/texlive/2024/texmf-dist/tex/generic/pgf/systemlayer/pgf.cfg
File: pgf.cfg 2023-01-15 v3.1.10 (3.1.10)
)
Driver file for pgf: pgfsys-pdftex.def

(d:/programs/texlive/2024/texmf-dist/tex/generic/pgf/systemlayer/pgfsys-pdftex.
def
File: pgfsys-pdftex.def 2023-01-15 v3.1.10 (3.1.10)

(d:/programs/texlive/2024/texmf-dist/tex/generic/pgf/systemlayer/pgfsys-common-
pdf.def
File: pgfsys-common-pdf.def 2023-01-15 v3.1.10 (3.1.10)
)))
(d:/programs/texlive/2024/texmf-dist/tex/generic/pgf/systemlayer/pgfsyssoftpath
.code.tex
File: pgfsyssoftpath.code.tex 2023-01-15 v3.1.10 (3.1.10)
\pgfsyssoftpath@smallbuffer@items=\count304
\pgfsyssoftpath@bigbuffer@items=\count305
)
(d:/programs/texlive/2024/texmf-dist/tex/generic/pgf/systemlayer/pgfsysprotocol
.code.tex
File: pgfsysprotocol.code.tex 2023-01-15 v3.1.10 (3.1.10)
))
(d:/programs/texlive/2024/texmf-dist/tex/generic/pgf/basiclayer/pgfcore.code.te
x
Package: pgfcore 2023-01-15 v3.1.10 (3.1.10)
 (d:/programs/texlive/2024/texmf-dist/tex/generic/pgf/math/pgfmath.code.tex
(d:/programs/texlive/2024/texmf-dist/tex/generic/pgf/math/pgfmathutil.code.tex)

(d:/programs/texlive/2024/texmf-dist/tex/generic/pgf/math/pgfmathparser.code.te
x
\pgfmath@dimen=\dimen265
\pgfmath@count=\count306
\pgfmath@box=\box61
\pgfmath@toks=\toks38
\pgfmath@stack@operand=\toks39
\pgfmath@stack@operation=\toks40
)
(d:/programs/texlive/2024/texmf-dist/tex/generic/pgf/math/pgfmathfunctions.code
.tex)
(d:/programs/texlive/2024/texmf-dist/tex/generic/pgf/math/pgfmathfunctions.basi
c.code.tex)
(d:/programs/texlive/2024/texmf-dist/tex/generic/pgf/math/pgfmathfunctions.trig
onometric.code.tex)
(d:/programs/texlive/2024/texmf-dist/tex/generic/pgf/math/pgfmathfunctions.rand
om.code.tex)
(d:/programs/texlive/2024/texmf-dist/tex/generic/pgf/math/pgfmathfunctions.comp
arison.code.tex)
(d:/programs/texlive/2024/texmf-dist/tex/generic/pgf/math/pgfmathfunctions.base
.code.tex)
(d:/programs/texlive/2024/texmf-dist/tex/generic/pgf/math/pgfmathfunctions.roun
d.code.tex)
(d:/programs/texlive/2024/texmf-dist/tex/generic/pgf/math/pgfmathfunctions.misc
.code.tex)
(d:/programs/texlive/2024/texmf-dist/tex/generic/pgf/math/pgfmathfunctions.inte
gerarithmetics.code.tex)
(d:/programs/texlive/2024/texmf-dist/tex/generic/pgf/math/pgfmathcalc.code.tex)

(d:/programs/texlive/2024/texmf-dist/tex/generic/pgf/math/pgfmathfloat.code.tex
\c@pgfmathroundto@lastzeros=\count307
)) (d:/programs/texlive/2024/texmf-dist/tex/generic/pgf/math/pgfint.code.tex)
(d:/programs/texlive/2024/texmf-dist/tex/generic/pgf/basiclayer/pgfcorepoints.c
ode.tex
File: pgfcorepoints.code.tex 2023-01-15 v3.1.10 (3.1.10)
\pgf@picminx=\dimen266
\pgf@picmaxx=\dimen267
\pgf@picminy=\dimen268
\pgf@picmaxy=\dimen269
\pgf@pathminx=\dimen270
\pgf@pathmaxx=\dimen271
\pgf@pathminy=\dimen272
\pgf@pathmaxy=\dimen273
\pgf@xx=\dimen274
\pgf@xy=\dimen275
\pgf@yx=\dimen276
\pgf@yy=\dimen277
\pgf@zx=\dimen278
\pgf@zy=\dimen279
)
(d:/programs/texlive/2024/texmf-dist/tex/generic/pgf/basiclayer/pgfcorepathcons
truct.code.tex
File: pgfcorepathconstruct.code.tex 2023-01-15 v3.1.10 (3.1.10)
\pgf@path@lastx=\dimen280
\pgf@path@lasty=\dimen281
)
(d:/programs/texlive/2024/texmf-dist/tex/generic/pgf/basiclayer/pgfcorepathusag
e.code.tex
File: pgfcorepathusage.code.tex 2023-01-15 v3.1.10 (3.1.10)
\pgf@shorten@end@additional=\dimen282
\pgf@shorten@start@additional=\dimen283
)
(d:/programs/texlive/2024/texmf-dist/tex/generic/pgf/basiclayer/pgfcorescopes.c
ode.tex
File: pgfcorescopes.code.tex 2023-01-15 v3.1.10 (3.1.10)
\pgfpic=\box62
\pgf@hbox=\box63
\pgf@layerbox@main=\box64
\pgf@picture@serial@count=\count308
)
(d:/programs/texlive/2024/texmf-dist/tex/generic/pgf/basiclayer/pgfcoregraphics
tate.code.tex
File: pgfcoregraphicstate.code.tex 2023-01-15 v3.1.10 (3.1.10)
\pgflinewidth=\dimen284
)
(d:/programs/texlive/2024/texmf-dist/tex/generic/pgf/basiclayer/pgfcoretransfor
mations.code.tex
File: pgfcoretransformations.code.tex 2023-01-15 v3.1.10 (3.1.10)
\pgf@pt@x=\dimen285
\pgf@pt@y=\dimen286
\pgf@pt@temp=\dimen287
)
(d:/programs/texlive/2024/texmf-dist/tex/generic/pgf/basiclayer/pgfcorequick.co
de.tex
File: pgfcorequick.code.tex 2023-01-15 v3.1.10 (3.1.10)
)
(d:/programs/texlive/2024/texmf-dist/tex/generic/pgf/basiclayer/pgfcoreobjects.
code.tex
File: pgfcoreobjects.code.tex 2023-01-15 v3.1.10 (3.1.10)
)
(d:/programs/texlive/2024/texmf-dist/tex/generic/pgf/basiclayer/pgfcorepathproc
essing.code.tex
File: pgfcorepathprocessing.code.tex 2023-01-15 v3.1.10 (3.1.10)
)
(d:/programs/texlive/2024/texmf-dist/tex/generic/pgf/basiclayer/pgfcorearrows.c
ode.tex
File: pgfcorearrows.code.tex 2023-01-15 v3.1.10 (3.1.10)
\pgfarrowsep=\dimen288
)
(d:/programs/texlive/2024/texmf-dist/tex/generic/pgf/basiclayer/pgfcoreshade.co
de.tex
File: pgfcoreshade.code.tex 2023-01-15 v3.1.10 (3.1.10)
\pgf@max=\dimen289
\pgf@sys@shading@range@num=\count309
\pgf@shadingcount=\count310
)
(d:/programs/texlive/2024/texmf-dist/tex/generic/pgf/basiclayer/pgfcoreimage.co
de.tex
File: pgfcoreimage.code.tex 2023-01-15 v3.1.10 (3.1.10)
)
(d:/programs/texlive/2024/texmf-dist/tex/generic/pgf/basiclayer/pgfcoreexternal
.code.tex
File: pgfcoreexternal.code.tex 2023-01-15 v3.1.10 (3.1.10)
\pgfexternal@startupbox=\box65
)
(d:/programs/texlive/2024/texmf-dist/tex/generic/pgf/basiclayer/pgfcorelayers.c
ode.tex
File: pgfcorelayers.code.tex 2023-01-15 v3.1.10 (3.1.10)
)
(d:/programs/texlive/2024/texmf-dist/tex/generic/pgf/basiclayer/pgfcoretranspar
ency.code.tex
File: pgfcoretransparency.code.tex 2023-01-15 v3.1.10 (3.1.10)
)
(d:/programs/texlive/2024/texmf-dist/tex/generic/pgf/basiclayer/pgfcorepatterns
.code.tex
File: pgfcorepatterns.code.tex 2023-01-15 v3.1.10 (3.1.10)
)
(d:/programs/texlive/2024/texmf-dist/tex/generic/pgf/basiclayer/pgfcorerdf.code
.tex
File: pgfcorerdf.code.tex 2023-01-15 v3.1.10 (3.1.10)
)))
(d:/programs/texlive/2024/texmf-dist/tex/generic/pgf/modules/pgfmoduleshapes.co
de.tex
File: pgfmoduleshapes.code.tex 2023-01-15 v3.1.10 (3.1.10)
\pgfnodeparttextbox=\box66
)
(d:/programs/texlive/2024/texmf-dist/tex/generic/pgf/modules/pgfmoduleplot.code
.tex
File: pgfmoduleplot.code.tex 2023-01-15 v3.1.10 (3.1.10)
)
(d:/programs/texlive/2024/texmf-dist/tex/latex/pgf/compatibility/pgfcomp-versio
n-0-65.sty
Package: pgfcomp-version-0-65 2023-01-15 v3.1.10 (3.1.10)
\pgf@nodesepstart=\dimen290
\pgf@nodesepend=\dimen291
)
(d:/programs/texlive/2024/texmf-dist/tex/latex/pgf/compatibility/pgfcomp-versio
n-1-18.sty
Package: pgfcomp-version-1-18 2023-01-15 v3.1.10 (3.1.10)
))
(d:/programs/texlive/2024/texmf-dist/tex/latex/pgf/utilities/pgffor.sty
(d:/programs/texlive/2024/texmf-dist/tex/latex/pgf/utilities/pgfkeys.sty
(d:/programs/texlive/2024/texmf-dist/tex/generic/pgf/utilities/pgfkeys.code.tex
)) (d:/programs/texlive/2024/texmf-dist/tex/latex/pgf/math/pgfmath.sty
(d:/programs/texlive/2024/texmf-dist/tex/generic/pgf/math/pgfmath.code.tex))
(d:/programs/texlive/2024/texmf-dist/tex/generic/pgf/utilities/pgffor.code.tex
Package: pgffor 2023-01-15 v3.1.10 (3.1.10)
\pgffor@iter=\dimen292
\pgffor@skip=\dimen293
\pgffor@stack=\toks41
\pgffor@toks=\toks42
))
(d:/programs/texlive/2024/texmf-dist/tex/generic/pgf/frontendlayer/tikz/tikz.co
de.tex
Package: tikz 2023-01-15 v3.1.10 (3.1.10)

(d:/programs/texlive/2024/texmf-dist/tex/generic/pgf/libraries/pgflibraryplotha
ndlers.code.tex
File: pgflibraryplothandlers.code.tex 2023-01-15 v3.1.10 (3.1.10)
\pgf@plot@mark@count=\count311
\pgfplotmarksize=\dimen294
)
\tikz@lastx=\dimen295
\tikz@lasty=\dimen296
\tikz@lastxsaved=\dimen297
\tikz@lastysaved=\dimen298
\tikz@lastmovetox=\dimen299
\tikz@lastmovetoy=\dimen300
\tikzleveldistance=\dimen301
\tikzsiblingdistance=\dimen302
\tikz@figbox=\box67
\tikz@figbox@bg=\box68
\tikz@tempbox=\box69
\tikz@tempbox@bg=\box70
\tikztreelevel=\count312
\tikznumberofchildren=\count313
\tikznumberofcurrentchild=\count314
\tikz@fig@count=\count315

(d:/programs/texlive/2024/texmf-dist/tex/generic/pgf/modules/pgfmodulematrix.co
de.tex
File: pgfmodulematrix.code.tex 2023-01-15 v3.1.10 (3.1.10)
\pgfmatrixcurrentrow=\count316
\pgfmatrixcurrentcolumn=\count317
\pgf@matrix@numberofcolumns=\count318
)
\tikz@expandcount=\count319

(d:/programs/texlive/2024/texmf-dist/tex/generic/pgf/frontendlayer/tikz/librari
es/tikzlibrarytopaths.code.tex
File: tikzlibrarytopaths.code.tex 2023-01-15 v3.1.10 (3.1.10)
)))
(d:/programs/texlive/2024/texmf-dist/tex/latex/pgfplots/pgfplots.sty
(d:/programs/texlive/2024/texmf-dist/tex/generic/pgfplots/pgfplots.revision.tex
)
Package: pgfplots 2021/05/15 v1.18.1 Data Visualization (1.18.1)
 (d:/programs/texlive/2024/texmf-dist/tex/generic/pgfplots/pgfplots.code.tex
(d:/programs/texlive/2024/texmf-dist/tex/generic/pgfplots/pgfplotscore.code.tex
\t@pgfplots@toka=\toks43
\t@pgfplots@tokb=\toks44
\t@pgfplots@tokc=\toks45
\pgfplots@tmpa=\dimen303
\c@pgfplots@coordindex=\count320
\c@pgfplots@scanlineindex=\count321

(d:/programs/texlive/2024/texmf-dist/tex/generic/pgfplots/sys/pgfplotssysgeneri
c.code.tex))
(d:/programs/texlive/2024/texmf-dist/tex/generic/pgfplots/libs/pgfplotslibrary.
code.tex)
(d:/programs/texlive/2024/texmf-dist/tex/generic/pgfplots/oldpgfcompatib/pgfplo
tsoldpgfsupp_loader.code.tex
(d:/programs/texlive/2024/texmf-dist/tex/generic/pgf/libraries/pgflibraryfpu.co
de.tex)
Package pgfplots: loading complementary utilities for your pgf version...
\t@pgf@toka=\toks46
\t@pgf@tokb=\toks47
\t@pgf@tokc=\toks48

(d:/programs/texlive/2024/texmf-dist/tex/generic/pgfplots/oldpgfcompatib/pgfplo
tsoldpgfsupp_pgfutil-common-lists.tex))
(d:/programs/texlive/2024/texmf-dist/tex/generic/pgfplots/util/pgfplotsutil.cod
e.tex
(d:/programs/texlive/2024/texmf-dist/tex/generic/pgfplots/liststructure/pgfplot
sliststructure.code.tex)
(d:/programs/texlive/2024/texmf-dist/tex/generic/pgfplots/liststructure/pgfplot
sliststructureext.code.tex)
(d:/programs/texlive/2024/texmf-dist/tex/generic/pgfplots/liststructure/pgfplot
sarray.code.tex
\c@pgfplotsarray@tmp=\count322
)
(d:/programs/texlive/2024/texmf-dist/tex/generic/pgfplots/liststructure/pgfplot
smatrix.code.tex)
(d:/programs/texlive/2024/texmf-dist/tex/generic/pgfplots/numtable/pgfplotstabl
eshared.code.tex
\c@pgfplotstable@counta=\count323
\t@pgfplotstable@a=\toks49
)
(d:/programs/texlive/2024/texmf-dist/tex/generic/pgfplots/liststructure/pgfplot
sdeque.code.tex)
(d:/programs/texlive/2024/texmf-dist/tex/generic/pgfplots/util/pgfplotsbinary.c
ode.tex
(d:/programs/texlive/2024/texmf-dist/tex/generic/pgfplots/util/pgfplotsbinary.d
ata.code.tex))
(d:/programs/texlive/2024/texmf-dist/tex/generic/pgfplots/util/pgfplotsutil.ver
b.code.tex)
(d:/programs/texlive/2024/texmf-dist/tex/generic/pgfplots/libs/pgflibrarypgfplo
ts.surfshading.code.tex
\c@pgfplotslibrarysurf@no=\count324

(d:/programs/texlive/2024/texmf-dist/tex/generic/pgfplots/sys/pgflibrarypgfplot
s.surfshading.pgfsys-pdftex.def)))
(d:/programs/texlive/2024/texmf-dist/tex/generic/pgfplots/util/pgfplotscolormap
.code.tex
(d:/programs/texlive/2024/texmf-dist/tex/generic/pgfplots/util/pgfplotscolor.co
de.tex))
(d:/programs/texlive/2024/texmf-dist/tex/generic/pgfplots/pgfplotsstackedplots.
code.tex)
(d:/programs/texlive/2024/texmf-dist/tex/generic/pgfplots/pgfplotsplothandlers.
code.tex
(d:/programs/texlive/2024/texmf-dist/tex/generic/pgfplots/pgfplotsmeshplothandl
er.code.tex
(d:/programs/texlive/2024/texmf-dist/tex/generic/pgfplots/pgfplotsmeshplotimage
.code.tex)))
(d:/programs/texlive/2024/texmf-dist/tex/generic/pgfplots/pgfplots.scaling.code
.tex)
(d:/programs/texlive/2024/texmf-dist/tex/generic/pgfplots/pgfplotscoordprocessi
ng.code.tex)
(d:/programs/texlive/2024/texmf-dist/tex/generic/pgfplots/pgfplots.errorbars.co
de.tex)
(d:/programs/texlive/2024/texmf-dist/tex/generic/pgfplots/pgfplots.markers.code
.tex)
(d:/programs/texlive/2024/texmf-dist/tex/generic/pgfplots/pgfplotsticks.code.te
x)
(d:/programs/texlive/2024/texmf-dist/tex/generic/pgfplots/pgfplots.paths.code.t
ex)
(d:/programs/texlive/2024/texmf-dist/tex/generic/pgf/frontendlayer/tikz/librari
es/tikzlibrarydecorations.code.tex
(d:/programs/texlive/2024/texmf-dist/tex/generic/pgf/modules/pgfmoduledecoratio
ns.code.tex
\pgfdecoratedcompleteddistance=\dimen304
\pgfdecoratedremainingdistance=\dimen305
\pgfdecoratedinputsegmentcompleteddistance=\dimen306
\pgfdecoratedinputsegmentremainingdistance=\dimen307
\pgf@decorate@distancetomove=\dimen308
\pgf@decorate@repeatstate=\count325
\pgfdecorationsegmentamplitude=\dimen309
\pgfdecorationsegmentlength=\dimen310
)
\tikz@lib@dec@box=\box71
)
(d:/programs/texlive/2024/texmf-dist/tex/generic/pgf/frontendlayer/tikz/librari
es/tikzlibrarydecorations.pathmorphing.code.tex
(d:/programs/texlive/2024/texmf-dist/tex/generic/pgf/libraries/decorations/pgfl
ibrarydecorations.pathmorphing.code.tex))
(d:/programs/texlive/2024/texmf-dist/tex/generic/pgf/frontendlayer/tikz/librari
es/tikzlibrarydecorations.pathreplacing.code.tex
(d:/programs/texlive/2024/texmf-dist/tex/generic/pgf/libraries/decorations/pgfl
ibrarydecorations.pathreplacing.code.tex))
(d:/programs/texlive/2024/texmf-dist/tex/generic/pgfplots/libs/tikzlibrarypgfpl
ots.contourlua.code.tex)
\pgfplots@numplots=\count326
\pgfplots@xmin@reg=\dimen311
\pgfplots@xmax@reg=\dimen312
\pgfplots@ymin@reg=\dimen313
\pgfplots@ymax@reg=\dimen314
\pgfplots@zmin@reg=\dimen315
\pgfplots@zmax@reg=\dimen316
)
(d:/programs/texlive/2024/texmf-dist/tex/generic/pgf/frontendlayer/tikz/librari
es/tikzlibraryplotmarks.code.tex
File: tikzlibraryplotmarks.code.tex 2023-01-15 v3.1.10 (3.1.10)

(d:/programs/texlive/2024/texmf-dist/tex/generic/pgf/libraries/pgflibraryplotma
rks.code.tex
File: pgflibraryplotmarks.code.tex 2023-01-15 v3.1.10 (3.1.10)
)))
(d:/programs/texlive/2024/texmf-dist/tex/latex/placeins/placeins.sty
Package: placeins 2005/04/18  v 2.2
)
(d:/programs/texlive/2024/texmf-dist/tex/latex/sttools/flushend.sty
Package: flushend 2021/10/04 v4.0 Balancing columns in twocolumn mode
\flushend@@lastskip@a=\skip62
\flushend@@lastskip@b=\skip63
\flushend@@lastnode=\count327
\var@@loop@iter=\count328
\var@@temp@spread=\dimen317
\var@@temp@a=\dimen318
\var@@temp@loop=\dimen319
\flushend@@page@rule=\dimen320
\flushend@@varbox@lastpage=\box72
\flushend@@varbox@a=\box73
\flushend@@varbox@c=\box74
\flushend@@tempbox@a=\box75
\flushend@@tempbox@c=\box76
\flushend@@floatbox=\box77
\@viper=\box78
\hold@viper=\box79
\atColsBreak=\toks50
\atColsEnd=\toks51
\oldbreak@skip=\dimen321
)
(d:/programs/texlive/2024/texmf-dist/tex/generic/pgf/libraries/pgflibraryarrows
.meta.code.tex
File: pgflibraryarrows.meta.code.tex 2023-01-15 v3.1.10 (3.1.10)
\pgfarrowinset=\dimen322
\pgfarrowlength=\dimen323
\pgfarrowwidth=\dimen324
\pgfarrowlinewidth=\dimen325
)
(d:/programs/texlive/2024/texmf-dist/tex/generic/pgf/frontendlayer/tikz/librari
es/tikzlibrarypositioning.code.tex
File: tikzlibrarypositioning.code.tex 2023-01-15 v3.1.10 (3.1.10)
)
(d:/programs/texlive/2024/texmf-dist/tex/generic/pgf/frontendlayer/tikz/librari
es/tikzlibraryfit.code.tex
File: tikzlibraryfit.code.tex 2023-01-15 v3.1.10 (3.1.10)
)
(d:/programs/texlive/2024/texmf-dist/tex/generic/pgf/frontendlayer/tikz/librari
es/tikzlibrarycalc.code.tex
File: tikzlibrarycalc.code.tex 2023-01-15 v3.1.10 (3.1.10)
)
(d:/programs/texlive/2024/texmf-dist/tex/generic/pgf/frontendlayer/tikz/librari
es/tikzlibraryshapes.geometric.code.tex
File: tikzlibraryshapes.geometric.code.tex 2023-01-15 v3.1.10 (3.1.10)

(d:/programs/texlive/2024/texmf-dist/tex/generic/pgf/libraries/shapes/pgflibrar
yshapes.geometric.code.tex
File: pgflibraryshapes.geometric.code.tex 2023-01-15 v3.1.10 (3.1.10)
))
(d:/programs/texlive/2024/texmf-dist/tex/generic/pgf/frontendlayer/tikz/librari
es/tikzlibrarypatterns.code.tex
File: tikzlibrarypatterns.code.tex 2023-01-15 v3.1.10 (3.1.10)

(d:/programs/texlive/2024/texmf-dist/tex/generic/pgf/libraries/pgflibrarypatter
ns.code.tex
File: pgflibrarypatterns.code.tex 2023-01-15 v3.1.10 (3.1.10)
))
(d:/programs/texlive/2024/texmf-dist/tex/generic/pgf/frontendlayer/tikz/librari
es/tikzlibraryshadows.code.tex
File: tikzlibraryshadows.code.tex 2023-01-15 v3.1.10 (3.1.10)

(d:/programs/texlive/2024/texmf-dist/tex/generic/pgf/frontendlayer/tikz/librari
es/tikzlibraryfadings.code.tex
File: tikzlibraryfadings.code.tex 2023-01-15 v3.1.10 (3.1.10)

(d:/programs/texlive/2024/texmf-dist/tex/generic/pgf/libraries/pgflibraryfading
s.code.tex
File: pgflibraryfadings.code.tex 2023-01-15 v3.1.10 (3.1.10)
))) (./evidence/manuscript_counts.tex)
(./evidence/experiment_values.tex) (./evidence/post_review_values.tex)
(d:/programs/texlive/2024/texmf-dist/tex/latex/l3backend/l3backend-pdftex.def
File: l3backend-pdftex.def 2024-02-20 L3 backend support: PDF output (pdfTeX)
\l__color_backend_stack_int=\count329
\l__pdf_internal_box=\box80
)
(./main.aux)
\openout1 = `main.aux'.

LaTeX Font Info:    Checking defaults for OML/cmm/m/it on input line 56.
LaTeX Font Info:    ... okay on input line 56.
LaTeX Font Info:    Checking defaults for OMS/cmsy/m/n on input line 56.
LaTeX Font Info:    ... okay on input line 56.
LaTeX Font Info:    Checking defaults for OT1/cmr/m/n on input line 56.
LaTeX Font Info:    ... okay on input line 56.
LaTeX Font Info:    Checking defaults for T1/cmr/m/n on input line 56.
LaTeX Font Info:    ... okay on input line 56.
LaTeX Font Info:    Checking defaults for TS1/cmr/m/n on input line 56.
LaTeX Font Info:    ... okay on input line 56.
LaTeX Font Info:    Checking defaults for OMX/cmex/m/n on input line 56.
LaTeX Font Info:    ... okay on input line 56.
LaTeX Font Info:    Checking defaults for U/cmr/m/n on input line 56.
LaTeX Font Info:    ... okay on input line 56.

-- Lines per column: 56 (exact).
(d:/programs/texlive/2024/texmf-dist/tex/context/base/mkii/supp-pdf.mkii
[Loading MPS to PDF converter (version 2006.09.02).]
\scratchcounter=\count330
\scratchdimen=\dimen326
\scratchbox=\box81
\nofMPsegments=\count331
\nofMParguments=\count332
\everyMPshowfont=\toks52
\MPscratchCnt=\count333
\MPscratchDim=\dimen327
\MPnumerator=\count334
\makeMPintoPDFobject=\count335
\everyMPtoPDFconversion=\toks53
) (d:/programs/texlive/2024/texmf-dist/tex/latex/epstopdf-pkg/epstopdf-base.sty
Package: epstopdf-base 2020-01-24 v2.11 Base part for package epstopdf
Package epstopdf-base Info: Redefining graphics rule for `.eps' on input line 4
85.
(d:/programs/texlive/2024/texmf-dist/tex/latex/latexconfig/epstopdf-sys.cfg
File: epstopdf-sys.cfg 2010/07/13 v1.3 Configuration of (r)epstopdf for TeX Liv
e
))
LaTeX Info: Redefining \microtypecontext on input line 56.
Package microtype Info: Applying patch `item' on input line 56.
Package microtype Info: Applying patch `toc' on input line 56.
Package microtype Info: Applying patch `eqnum' on input line 56.
Package microtype Info: Applying patch `footnote' on input line 56.
Package microtype Info: Applying patch `verbatim' on input line 56.
Package microtype Info: Generating PDF output.
Package microtype Info: Character protrusion enabled (level 2).
Package microtype Info: Using default protrusion set `alltext'.
Package microtype Info: Automatic font expansion enabled (level 2),
(microtype)             stretch: 20, shrink: 20, step: 1, non-selected.
Package microtype Info: Using default expansion set `alltext-nott'.
LaTeX Info: Redefining \showhyphens on input line 56.
Package microtype Info: No adjustment of tracking.
Package microtype Info: No adjustment of interword spacing.
Package microtype Info: No adjustment of character kerning.

(d:/programs/texlive/2024/texmf-dist/tex/latex/microtype/mt-ptm.cfg
File: mt-ptm.cfg 2006/04/20 v1.7 microtype config. file: Times (RS)
)
Package pgfplots notification 'compat/show suggested version=true': document ha
s been generated with the most recent feature set (\pgfplotsset{compat=1.18}).

(./author_metadata.tex)
LaTeX Font Info:    Calculating math sizes for size <11> on input line 61.

(d:/programs/texlive/2024/texmf-dist/tex/latex/microtype/mt-cmr.cfg
File: mt-cmr.cfg 2013/05/19 v2.2 microtype config. file: Computer Modern Roman 
(RS)
)
LaTeX Font Info:    Trying to load font information for U+msa on input line 61.


(d:/programs/texlive/2024/texmf-dist/tex/latex/amsfonts/umsa.fd
File: umsa.fd 2013/01/14 v3.01 AMS symbols A
)
(d:/programs/texlive/2024/texmf-dist/tex/latex/microtype/mt-msa.cfg
File: mt-msa.cfg 2006/02/04 v1.1 microtype config. file: AMS symbols (a) (RS)
)
LaTeX Font Info:    Trying to load font information for U+msb on input line 61.


(d:/programs/texlive/2024/texmf-dist/tex/latex/amsfonts/umsb.fd
File: umsb.fd 2013/01/14 v3.01 AMS symbols B
)
(d:/programs/texlive/2024/texmf-dist/tex/latex/microtype/mt-msb.cfg
File: mt-msb.cfg 2005/06/01 v1.0 microtype config. file: AMS symbols (b) (RS)
)
(./sections/abstract.tex) (./sections/introduction.tex
LaTeX Font Info:    Trying to load font information for T1+pcr on input line 4.


(d:/programs/texlive/2024/texmf-dist/tex/latex/psnfss/t1pcr.fd
File: t1pcr.fd 2001/06/04 font definitions for T1/pcr.
)
Package microtype Info: Loading generic protrusion settings for font family
(microtype)             `pcr' (encoding: T1).
(microtype)             For optimal results, create family-specific settings.
(microtype)             See the microtype manual for details.

Underfull \vbox (badness 10000) has occurred while \output is active []

 [1{d:/programs/texlive/2024/texmf-var/fonts/map/pdftex/updmap/pdftex.map}{d:/p
rograms/texlive/2024/texmf-dist/fonts/enc/dvips/base/8r.enc}


])
(./sections/evidence_contract.tex
Package microtype Info: Loading generic protrusion settings for font family
(microtype)             `cmss' (encoding: OT1).
(microtype)             For optimal results, create family-specific settings.
(microtype)             See the microtype manual for details.

Underfull \hbox (badness 10000) in paragraph at lines 36--42
[]\T1/ptm/m/n/10 (+20) A cap-tured ar-gu-ment is claimable only if both
 []


Underfull \hbox (badness 7740) in paragraph at lines 36--42
\T1/ptm/m/n/10 (+20) callee se-man-tics and ar-gu-ment bind-ing are ex-plicit:
 []


Underfull \hbox (badness 1558) in paragraph at lines 36--42
[]\OT1/cmr/m/n/10 (\OML/cmm/m/it/10 s\OT1/cmr/m/n/10 ) \U/msa/m/n/10 , []\OT1/c
mr/m/n/10 (\OML/cmm/m/it/10 s\OT1/cmr/m/n/10 ) \OMS/cmsy/m/n/10 2 S[] ^ []\OT1/
cmr/m/n/10 (\OML/cmm/m/it/10 s\OT1/cmr/m/n/10 ) \OMS/cmsy/m/n/10 2 T[]$\T1/ptm/
m/n/10 (+20) ,
 []


Underfull \hbox (badness 3460) in paragraph at lines 91--95
[]\T1/ptm/m/n/10 (+20) Let $\OMS/cmsy/m/n/10 V$ \T1/ptm/m/n/10 (+20) be the de-
clared 11-vector ma-trix. Pred-i-cate
 []

LaTeX Font Info:    Trying to load font information for T1+phv on input line 10
3.
(d:/programs/texlive/2024/texmf-dist/tex/latex/psnfss/t1phv.fd
File: t1phv.fd 2020/03/25 scalable font definitions for T1/phv.
)
Package microtype Info: Loading generic protrusion settings for font family
(microtype)             `phv' (encoding: T1).
(microtype)             For optimal results, create family-specific settings.
(microtype)             See the microtype manual for details.

(./figures/evidence_contract.tex
Underfull \hbox (badness 10000) in paragraph at lines 212--212
[]\T1/ptm/b/n/7.1 (+20) Example source bytes\T1/ptm/m/n/7.1 (+20) : 
 []

LaTeX Font Info:    Calculating math sizes for size <7.1> on input line 212.
LaTeX Font Info:    Calculating math sizes for size <6.5> on input line 212.

LaTeX Font Warning: Font shape `OT1/cmr/m/n' in size <3.25> not available
(Font)              size <5> substituted on input line 212.


LaTeX Font Warning: Font shape `OML/cmm/m/it' in size <3.25> not available
(Font)              size <5> substituted on input line 212.


LaTeX Font Warning: Font shape `OMS/cmsy/m/n' in size <3.25> not available
(Font)              size <5> substituted on input line 212.


LaTeX Font Warning: Font shape `OT1/cmss/m/n' in size <3.25> not available
(Font)              size <5> substituted on input line 212.

LaTeX Font Info:    Calculating math sizes for size <5.6> on input line 212.

LaTeX Font Warning: Font shape `OT1/cmr/m/n' in size <2.8> not available
(Font)              size <5> substituted on input line 212.


LaTeX Font Warning: Font shape `OML/cmm/m/it' in size <2.8> not available
(Font)              size <5> substituted on input line 212.


LaTeX Font Warning: Font shape `OMS/cmsy/m/n' in size <2.8> not available
(Font)              size <5> substituted on input line 212.


LaTeX Font Warning: Font shape `OT1/cmss/m/n' in size <2.8> not available
(Font)              size <5> substituted on input line 212.

LaTeX Font Info:    Calculating math sizes for size <7.6> on input line 212.
LaTeX Font Info:    Calculating math sizes for size <6.8> on input line 212.
LaTeX Font Info:    Calculating math sizes for size <6.3> on input line 212.

LaTeX Font Warning: Font shape `OT1/cmr/m/n' in size <3.15> not available
(Font)              size <5> substituted on input line 212.


LaTeX Font Warning: Font shape `OML/cmm/m/it' in size <3.15> not available
(Font)              size <5> substituted on input line 212.


LaTeX Font Warning: Font shape `OMS/cmsy/m/n' in size <3.15> not available
(Font)              size <5> substituted on input line 212.


LaTeX Font Warning: Font shape `OT1/cmr/bx/n' in size <3.15> not available
(Font)              size <5> substituted on input line 212.


LaTeX Font Warning: Font shape `OT1/cmss/m/n' in size <3.15> not available
(Font)              size <5> substituted on input line 212.

LaTeX Font Info:    Calculating math sizes for size <6.9> on input line 212.

Underfull \hbox (badness 3826) in paragraph at lines 212--212
[]$\OMS/cmsy/m/n/7 ^^O$ \T1/ptm/b/n/6.9 (+20) Ma-trix pro-file\T1/ptm/m/n/6.9 (
+20) : an 11-cell selected-instance frag-ment with ex-plicit 
 []

LaTeX Font Info:    Calculating math sizes for size <7.4> on input line 212.
Package microtype Info: Loading generic protrusion settings for font family
(microtype)             `cmtt' (encoding: OT1).
(microtype)             For optimal results, create family-specific settings.
(microtype)             See the microtype manual for details.
)
Underfull \hbox (badness 3460) in paragraph at lines 120--130
\T1/ptm/m/n/10 (+20) for-mats an in-ter-face name into \T1/pcr/m/n/10 tc qdisc 
del dev
 []

[2] [3]) (./sections/overview.tex (./figures/architecture.tex
LaTeX Font Info:    Calculating math sizes for size <5.4> on input line 424.


LaTeX Font Warning: Font shape `OT1/cmr/m/n' in size <2.7> not available
(Font)              size <5> substituted on input line 424.


LaTeX Font Warning: Font shape `OML/cmm/m/it' in size <2.7> not available
(Font)              size <5> substituted on input line 424.


LaTeX Font Warning: Font shape `OMS/cmsy/m/n' in size <2.7> not available
(Font)              size <5> substituted on input line 424.


LaTeX Font Warning: Font shape `OT1/cmr/bx/n' in size <2.7> not available
(Font)              size <5> substituted on input line 424.


LaTeX Font Warning: Font shape `OT1/cmss/m/n' in size <2.7> not available
(Font)              size <5> substituted on input line 424.


LaTeX Font Warning: Font shape `OT1/cmr/m/it' in size <2.7> not available
(Font)              size <5> substituted on input line 424.


LaTeX Font Warning: Font shape `OT1/cmtt/m/n' in size <2.7> not available
(Font)              size <5> substituted on input line 424.

LaTeX Font Info:    Calculating math sizes for size <4.8> on input line 424.

LaTeX Font Warning: Font shape `OT1/cmr/m/n' in size <2.4> not available
(Font)              size <5> substituted on input line 424.


LaTeX Font Warning: Font shape `OML/cmm/m/it' in size <2.4> not available
(Font)              size <5> substituted on input line 424.


LaTeX Font Warning: Font shape `OMS/cmsy/m/n' in size <2.4> not available
(Font)              size <5> substituted on input line 424.


LaTeX Font Warning: Font shape `OT1/cmr/bx/n' in size <2.4> not available
(Font)              size <5> substituted on input line 424.


LaTeX Font Warning: Font shape `OT1/cmss/m/n' in size <2.4> not available
(Font)              size <5> substituted on input line 424.


LaTeX Font Warning: Font shape `OT1/cmr/m/it' in size <2.4> not available
(Font)              size <5> substituted on input line 424.


LaTeX Font Warning: Font shape `OT1/cmtt/m/n' in size <2.4> not available
(Font)              size <5> substituted on input line 424.

LaTeX Font Info:    Calculating math sizes for size <5.5> on input line 424.

LaTeX Font Warning: Font shape `OT1/cmr/m/n' in size <2.75> not available
(Font)              size <5> substituted on input line 424.


LaTeX Font Warning: Font shape `OML/cmm/m/it' in size <2.75> not available
(Font)              size <5> substituted on input line 424.


LaTeX Font Warning: Font shape `OMS/cmsy/m/n' in size <2.75> not available
(Font)              size <5> substituted on input line 424.


LaTeX Font Warning: Font shape `OT1/cmr/bx/n' in size <2.75> not available
(Font)              size <5> substituted on input line 424.


LaTeX Font Warning: Font shape `OT1/cmss/m/n' in size <2.75> not available
(Font)              size <5> substituted on input line 424.


LaTeX Font Warning: Font shape `OT1/cmr/m/it' in size <2.75> not available
(Font)              size <5> substituted on input line 424.


LaTeX Font Warning: Font shape `OT1/cmtt/m/n' in size <2.75> not available
(Font)              size <5> substituted on input line 424.

LaTeX Font Info:    Calculating math sizes for size <6.2> on input line 424.

LaTeX Font Warning: Font shape `OT1/cmr/m/n' in size <3.09999> not available
(Font)              size <5> substituted on input line 424.


LaTeX Font Warning: Font shape `OML/cmm/m/it' in size <3.09999> not available
(Font)              size <5> substituted on input line 424.


LaTeX Font Warning: Font shape `OMS/cmsy/m/n' in size <3.09999> not available
(Font)              size <5> substituted on input line 424.


LaTeX Font Warning: Font shape `OT1/cmr/bx/n' in size <3.09999> not available
(Font)              size <5> substituted on input line 424.


LaTeX Font Warning: Font shape `OT1/cmss/m/n' in size <3.09999> not available
(Font)              size <5> substituted on input line 424.


LaTeX Font Warning: Font shape `OT1/cmr/m/it' in size <3.09999> not available
(Font)              size <5> substituted on input line 424.


LaTeX Font Warning: Font shape `OT1/cmtt/m/n' in size <3.09999> not available
(Font)              size <5> substituted on input line 424.

LaTeX Info: Symbol \textasciigrave not provided by
            font family pcr in TS1 encoding.
            Default family used instead on input line 424.
LaTeX Font Info:    Trying to load font information for T1+cmtt on input line 4
24.
(d:/programs/texlive/2024/texmf-dist/tex/latex/base/t1cmtt.fd
File: t1cmtt.fd 2023/04/13 v2.5m Standard LaTeX font definitions
)

LaTeX Font Warning: Font shape `T1/cmtt/b/n' undefined
(Font)              using `T1/cmtt/m/n' instead on input line 424.

Package microtype Info: Loading generic protrusion settings for font family
(microtype)             `cmtt' (encoding: T1).
(microtype)             For optimal results, create family-specific settings.
(microtype)             See the microtype manual for details.
LaTeX Font Info:    Trying to load font information for TS1+cmtt on input line 
424.
(d:/programs/texlive/2024/texmf-dist/tex/latex/base/ts1cmtt.fd
File: ts1cmtt.fd 2023/04/13 v2.5m Standard LaTeX font definitions
)

LaTeX Font Warning: Font shape `TS1/cmtt/b/n' undefined
(Font)              using `TS1/cmtt/m/n' instead
(Font)              for symbol `textasciigrave' on input line 424.

Package microtype Info: Loading generic protrusion settings for font family
(microtype)             `cmtt' (encoding: TS1).
(microtype)             For optimal results, create family-specific settings.
(microtype)             See the microtype manual for details.
LaTeX Info: Symbol \textasciigrave not provided by
            font family pcr in TS1 encoding.
            Default family used instead on input line 424.
LaTeX Font Info:    Calculating math sizes for size <5.2> on input line 424.

LaTeX Font Warning: Font shape `OT1/cmr/m/n' in size <2.59999> not available
(Font)              size <5> substituted on input line 424.


LaTeX Font Warning: Font shape `OML/cmm/m/it' in size <2.59999> not available
(Font)              size <5> substituted on input line 424.


LaTeX Font Warning: Font shape `OMS/cmsy/m/n' in size <2.59999> not available
(Font)              size <5> substituted on input line 424.


LaTeX Font Warning: Font shape `OT1/cmr/bx/n' in size <2.59999> not available
(Font)              size <5> substituted on input line 424.


LaTeX Font Warning: Font shape `OT1/cmss/m/n' in size <2.59999> not available
(Font)              size <5> substituted on input line 424.


LaTeX Font Warning: Font shape `OT1/cmr/m/it' in size <2.59999> not available
(Font)              size <5> substituted on input line 424.


LaTeX Font Warning: Font shape `OT1/cmtt/m/n' in size <2.59999> not available
(Font)              size <5> substituted on input line 424.


LaTeX Font Warning: Font shape `OT1/cmr/bx/n' in size <2.8> not available
(Font)              size <5> substituted on input line 424.


LaTeX Font Warning: Font shape `OT1/cmr/m/it' in size <2.8> not available
(Font)              size <5> substituted on input line 424.


LaTeX Font Warning: Font shape `OT1/cmtt/m/n' in size <2.8> not available
(Font)              size <5> substituted on input line 424.

LaTeX Font Info:    Calculating math sizes for size <4.6> on input line 424.

LaTeX Font Warning: Font shape `OT1/cmr/m/n' in size <3.21999> not available
(Font)              size <5> substituted on input line 424.


LaTeX Font Warning: Font shape `OT1/cmr/m/n' in size <2.3> not available
(Font)              size <5> substituted on input line 424.


LaTeX Font Warning: Font shape `OML/cmm/m/it' in size <3.21999> not available
(Font)              size <5> substituted on input line 424.


LaTeX Font Warning: Font shape `OML/cmm/m/it' in size <2.3> not available
(Font)              size <5> substituted on input line 424.


LaTeX Font Warning: Font shape `OMS/cmsy/m/n' in size <3.21999> not available
(Font)              size <5> substituted on input line 424.


LaTeX Font Warning: Font shape `OMS/cmsy/m/n' in size <2.3> not available
(Font)              size <5> substituted on input line 424.


LaTeX Font Warning: Font shape `OT1/cmr/bx/n' in size <3.21999> not available
(Font)              size <5> substituted on input line 424.


LaTeX Font Warning: Font shape `OT1/cmr/bx/n' in size <2.3> not available
(Font)              size <5> substituted on input line 424.


LaTeX Font Warning: Font shape `OT1/cmss/m/n' in size <3.21999> not available
(Font)              size <5> substituted on input line 424.


LaTeX Font Warning: Font shape `OT1/cmss/m/n' in size <2.3> not available
(Font)              size <5> substituted on input line 424.


LaTeX Font Warning: Font shape `OT1/cmr/m/it' in size <3.21999> not available
(Font)              size <5> substituted on input line 424.


LaTeX Font Warning: Font shape `OT1/cmr/m/it' in size <2.3> not available
(Font)              size <5> substituted on input line 424.


LaTeX Font Warning: Font shape `OT1/cmtt/m/n' in size <3.21999> not available
(Font)              size <5> substituted on input line 424.


LaTeX Font Warning: Font shape `OT1/cmtt/m/n' in size <2.3> not available
(Font)              size <5> substituted on input line 424.

LaTeX Font Info:    Calculating math sizes for size <4.9> on input line 424.

LaTeX Font Warning: Font shape `OT1/cmr/m/n' in size <2.45> not available
(Font)              size <5> substituted on input line 424.


LaTeX Font Warning: Font shape `OML/cmm/m/it' in size <2.45> not available
(Font)              size <5> substituted on input line 424.


LaTeX Font Warning: Font shape `OMS/cmsy/m/n' in size <2.45> not available
(Font)              size <5> substituted on input line 424.


LaTeX Font Warning: Font shape `OT1/cmr/bx/n' in size <2.45> not available
(Font)              size <5> substituted on input line 424.


LaTeX Font Warning: Font shape `OT1/cmss/m/n' in size <2.45> not available
(Font)              size <5> substituted on input line 424.


LaTeX Font Warning: Font shape `OT1/cmr/m/it' in size <2.45> not available
(Font)              size <5> substituted on input line 424.


LaTeX Font Warning: Font shape `OT1/cmtt/m/n' in size <2.45> not available
(Font)              size <5> substituted on input line 424.

) [4]) (./sections/design.tex [5{d:/programs/texlive/2024/texmf-dist/fonts/enc/
dvips/cm-super/cm-super-ts1.enc}]
Underfull \vbox (badness 1584) has occurred while \output is active []

 [6]
LaTeX Info: Symbol \textasciigrave not provided by
            font family pcr in TS1 encoding.
            Default family used instead on input line 230.
LaTeX Info: Symbol \textasciigrave not provided by
            font family pcr in TS1 encoding.
            Default family used instead on input line 230.
LaTeX Info: Symbol \textasciigrave not provided by
            font family pcr in TS1 encoding.
            Default family used instead on input line 252.
LaTeX Info: Symbol \textasciigrave not provided by
            font family pcr in TS1 encoding.
            Default family used instead on input line 252.

[7]) (./sections/implementation.tex) (./sections/evaluation.tex [8]
<figures/vector_profile.pdf, id=98, 252.945pt x 180.675pt>
File: figures/vector_profile.pdf Graphic file (type pdf)
<use figures/vector_profile.pdf>
Package pdftex.def Info: figures/vector_profile.pdf  used on input line 99.
(pdftex.def)             Requested size: 252.0pt x 180.00462pt.
 [9 <./figures/vector_profile.pdf>] [10]) (./sections/discussion.tex)
(./sections/related_work.tex [11]) (./sections/conclusion.tex) (./main.bbl)

** Conference Paper **
Before submitting the final camera ready copy, remember to:

 1. Manually equalize the lengths of two columns on the last page
 of your paper;

 2. Ensure that any PostScript and/or PDF output post-processing
 uses only Type 1 fonts and that every step in the generation
 process uses the appropriate paper size.

[leftcolumn badness]: 1000000 on 65.31723pt
[rightcolumn badness]: 1000000 on 65.31723pt
[leftcolumn badness]: 1000000 on 65.31723pt
[rightcolumn badness]: 1000000 on 65.31723pt
[leftcolumn badness]: 1000000 on 65.31723pt
[rightcolumn badness]: 1000000 on 65.31723pt
[leftcolumn badness]: 1000000 on 65.31723pt
[rightcolumn badness]: 1000000 on 65.31723pt
[leftcolumn badness]: 1000000 on 65.31723pt
[rightcolumn badness]: 1000000 on 65.31723pt
[leftcolumn badness]: 1000000 on 65.31723pt
[rightcolumn badness]: 1000000 on 65.31723pt
- LAST -
Extra skip:23.2678pt
Left:659.39983pt/0.0pt
Right:634.40009pt/1.73193pt
Split: 650.29996pt
Output:650.29996pt
Pageshrink: 1.0pt
Pagestretch: 3.80017pt
@colht:672.0pt
FLUSHEND [output]: 650.29996pt
FLUSHEND [leftcolumn badness]: 68
FUSHEND [rightcolumn badness]: 10000
[12] (./main.aux)
 ***********
LaTeX2e <2023-11-01> patch level 1
L3 programming layer <2024-02-20>
 ***********


LaTeX Font Warning: Size substitutions with differences
(Font)              up to 2.7pt have occurred.


LaTeX Font Warning: Some font shapes were not available, defaults substituted.

 ) 
Here is how much of TeX's memory you used:
 32006 strings out of 476022
 769580 string characters out of 5790803
 1992190 words of memory out of 5000000
 52657 multiletter control sequences out of 15000+600000
 907339 words of font info for 959 fonts, out of 8000000 for 9000
 36 hyphenation exceptions out of 8191
 84i,15n,87p,1402b,1211s stack positions out of 10000i,1000n,20000p,200000b,200000s
<d:/programs/texlive/2024/texmf-dist/fonts/type1/public/amsfonts/cm/cmbx10.pf
b><d:/programs/texlive/2024/texmf-dist/fonts/type1/public/amsfonts/cm/cmbx7.pfb
><d:/programs/texlive/2024/texmf-dist/fonts/type1/public/amsfonts/cm/cmbx9.pfb>
<d:/programs/texlive/2024/texmf-dist/fonts/type1/public/amsfonts/cm/cmex10.pfb>
<d:/programs/texlive/2024/texmf-dist/fonts/type1/public/amsfonts/cmextra/cmex7.
pfb><d:/programs/texlive/2024/texmf-dist/fonts/type1/public/amsfonts/cmextra/cm
ex9.pfb><d:/programs/texlive/2024/texmf-dist/fonts/type1/public/amsfonts/cm/cmm
i10.pfb><d:/programs/texlive/2024/texmf-dist/fonts/type1/public/amsfonts/cm/cmm
i5.pfb><d:/programs/texlive/2024/texmf-dist/fonts/type1/public/amsfonts/cm/cmmi
6.pfb><d:/programs/texlive/2024/texmf-dist/fonts/type1/public/amsfonts/cm/cmmi7
.pfb><d:/programs/texlive/2024/texmf-dist/fonts/type1/public/amsfonts/cm/cmmi8.
pfb><d:/programs/texlive/2024/texmf-dist/fonts/type1/public/amsfonts/cm/cmmi9.p
fb><d:/programs/texlive/2024/texmf-dist/fonts/type1/public/amsfonts/cm/cmr10.pf
b><d:/programs/texlive/2024/texmf-dist/fonts/type1/public/amsfonts/cm/cmr5.pfb>
<d:/programs/texlive/2024/texmf-dist/fonts/type1/public/amsfonts/cm/cmr6.pfb><d
:/programs/texlive/2024/texmf-dist/fonts/type1/public/amsfonts/cm/cmr7.pfb><d:/
programs/texlive/2024/texmf-dist/fonts/type1/public/amsfonts/cm/cmr8.pfb><d:/pr
ograms/texlive/2024/texmf-dist/fonts/type1/public/amsfonts/cm/cmr9.pfb><d:/prog
rams/texlive/2024/texmf-dist/fonts/type1/public/amsfonts/cm/cmss10.pfb><d:/prog
rams/texlive/2024/texmf-dist/fonts/type1/public/amsfonts/cm/cmss8.pfb><d:/progr
ams/texlive/2024/texmf-dist/fonts/type1/public/amsfonts/cm/cmss9.pfb><d:/progra
ms/texlive/2024/texmf-dist/fonts/type1/public/amsfonts/cm/cmsy10.pfb><d:/progra
ms/texlive/2024/texmf-dist/fonts/type1/public/amsfonts/cm/cmsy5.pfb><d:/program
s/texlive/2024/texmf-dist/fonts/type1/public/amsfonts/cm/cmsy6.pfb><d:/programs
/texlive/2024/texmf-dist/fonts/type1/public/amsfonts/cm/cmsy7.pfb><d:/programs/
texlive/2024/texmf-dist/fonts/type1/public/amsfonts/cm/cmsy8.pfb><d:/programs/t
exlive/2024/texmf-dist/fonts/type1/public/amsfonts/cm/cmsy9.pfb><d:/programs/te
xlive/2024/texmf-dist/fonts/type1/public/amsfonts/cm/cmti10.pfb><d:/programs/te
xlive/2024/texmf-dist/fonts/type1/public/amsfonts/cm/cmtt8.pfb><d:/programs/tex
live/2024/texmf-dist/fonts/type1/public/amsfonts/symbols/msam10.pfb><d:/program
s/texlive/2024/texmf-dist/fonts/type1/public/amsfonts/symbols/msam5.pfb><d:/pro
grams/texlive/2024/texmf-dist/fonts/type1/public/amsfonts/symbols/msam7.pfb><d:
/programs/texlive/2024/texmf-dist/fonts/type1/public/amsfonts/symbols/msbm10.pf
b><d:/programs/texlive/2024/texmf-dist/fonts/type1/public/amsfonts/symbols/msbm
7.pfb><d:/programs/texlive/2024/texmf-dist/fonts/type1/public/cm-super/sftt0800
.pfb><d:/programs/texlive/2024/texmf-dist/fonts/type1/public/cm-super/sftt1000.
pfb><d:/programs/texlive/2024/texmf-dist/fonts/type1/urw/courier/ucrb8a.pfb><d:
/programs/texlive/2024/texmf-dist/fonts/type1/urw/courier/ucrr8a.pfb><d:/progra
ms/texlive/2024/texmf-dist/fonts/type1/urw/helvetic/uhvr8a.pfb><d:/programs/tex
live/2024/texmf-dist/fonts/type1/urw/times/utmb8a.pfb><d:/programs/texlive/2024
/texmf-dist/fonts/type1/urw/times/utmbi8a.pfb><d:/programs/texlive/2024/texmf-d
ist/fonts/type1/urw/times/utmr8a.pfb><d:/programs/texlive/2024/texmf-dist/fonts
/type1/urw/times/utmri8a.pfb>
Output written on main.pdf (12 pages, 664872 bytes).
PDF statistics:
 307 PDF objects out of 1000 (max. 8388607)
 179 compressed objects within 2 object streams
 0 named destinations out of 1000 (max. 500000)
 274546 words of extra memory for PDF output out of 319454 (max. 10000000)

